::1 - - [12/Sep/2026 12:40:16] "GET / HTTP/1.1" 200 -
::1 - - [12/Sep/2026 12:40:20] "GET / HTTP/1.1" 200 -
::1 - - [12/Sep/2026 12:40:20] "GET /assets/css/style.css?v=20260912103929 HTTP/1.1" 200 -
::1 - - [12/Sep/2026 12:40:20] "GET /assets/img/logo-sword.svg HTTP/1.1" 200 -
::1 - - [12/Sep/2026 12:40:20] "GET /assets/js/list-filters.js?v=20260912103929 HTTP/1.1" 200 -
::1 - - [12/Sep/2026 12:40:20] "GET /assets/js/rank-filter.js?v=20260912103929 HTTP/1.1" 200 -
::1 - - [12/Sep/2026 12:40:20] "GET /assets/js/copy-comp.js?v=20260912103929 HTTP/1.1" 200 -
::1 - - [12/Sep/2026 12:40:20] "GET /assets/data/rank-filter.json HTTP/1.1" 200 -
::1 - - [12/Sep/2026 12:40:20] "GET /assets/js/champ-icons.js?v=20260912103929 HTTP/1.1" 200 -
::1 - - [12/Sep/2026 12:40:20] "GET /assets/data/champions_fr.json HTTP/1.1" 200 -
::1 - - [12/Sep/2026 12:40:20] "GET /favicon-google.png?v=20260912103929 HTTP/1.1" 200 -
::1 - - [12/Sep/2026 12:40:26] "GET /assets/champions/kayle.png HTTP/1.1" 200 -
::1 - - [12/Sep/2026 12:40:26] "GET /assets/champions/leona.png HTTP/1.1" 200 -
::1 - - [12/Sep/2026 12:40:26] "GET /assets/items/spiritvisage.png HTTP/1.1" 200 -
::1 - - [12/Sep/2026 12:40:26] "GET /assets/items/gargoylestoneplate.png HTTP/1.1" 200 -
::1 - - [12/Sep/2026 12:40:26] "GET /assets/items/warmogsarmor.png HTTP/1.1" 200 -
::1 - - [12/Sep/2026 12:40:26] "GET /assets/champions/xayah.png HTTP/1.1" 200 -
::1 - - [12/Sep/2026 12:40:26] "GET /assets/items/guinsoosrageblade.png HTTP/1.1" 200 -
::1 - - [12/Sep/2026 12:40:26] "GET /assets/items/giantslayer.png HTTP/1.1" 200 -
::1 - - [12/Sep/2026 12:40:26] "GET /assets/items/krakensfury.png HTTP/1.1" 200 -
::1 - - [12/Sep/2026 12:40:26] "GET /assets/champions/ornn.png HTTP/1.1" 200 -
::1 - - [12/Sep/2026 12:40:26] "GET /assets/champions/sejuani.png HTTP/1.1" 200 -
::1 - - [12/Sep/2026 12:40:26] "GET /assets/champions/rakan.png HTTP/1.1" 200 -
::1 - - [12/Sep/2026 12:40:26] "GET /assets/champions/aphelios.png HTTP/1.1" 200 -
::1 - - [12/Sep/2026 12:40:26] "GET /assets/champions/alune.png HTTP/1.1" 200 -
::1 - - [12/Sep/2026 12:40:26] "GET /assets/champions/vi.png HTTP/1.1" 200 -
::1 - - [12/Sep/2026 12:40:26] "GET /assets/champions/master-yi.png HTTP/1.1" 200 -
::1 - - [12/Sep/2026 12:40:26] "GET /assets/champions/rek-sai.png HTTP/1.1" 200 -
::1 - - [12/Sep/2026 12:40:26] "GET /assets/champions/gnar.png HTTP/1.1" 200 -
::1 - - [12/Sep/2026 12:40:26] "GET /assets/champions/sett.png HTTP/1.1" 200 -
::1 - - [12/Sep/2026 12:40:26] "GET /assets/champions/diana.png HTTP/1.1" 200 -
::1 - - [12/Sep/2026 12:40:26] "GET /assets/items/rabadonsdeathcap.png HTTP/1.1" 200 -
::1 - - [12/Sep/2026 12:40:26] "GET /assets/items/jeweledgauntlet.png HTTP/1.1" 200 -
::1 - - [12/Sep/2026 12:40:26] "GET /assets/champions/alistar.png HTTP/1.1" 200 -
::1 - - [12/Sep/2026 12:40:26] "GET /assets/champions/kog-maw.png HTTP/1.1" 200 -
::1 - - [12/Sep/2026 12:40:26] "GET /assets/champions/kobuko.png HTTP/1.1" 200 -
::1 - - [12/Sep/2026 12:40:26] "GET /assets/champions/krug.png HTTP/1.1" 200 -
::1 - - [12/Sep/2026 12:40:26] "GET /assets/items/sunfirecape.png HTTP/1.1" 200 -
::1 - - [12/Sep/2026 12:40:27] "GET /assets/items/protectorsvow.png HTTP/1.1" 200 -
::1 - - [12/Sep/2026 12:40:27] "GET /assets/items/ionicspark.png HTTP/1.1" 200 -
::1 - - [12/Sep/2026 12:40:27] "GET /assets/items/thiefsgloves.png HTTP/1.1" 200 -
::1 - - [12/Sep/2026 12:40:27] "GET /assets/items/adaptivehelm.png HTTP/1.1" 200 -
::1 - - [12/Sep/2026 12:40:27] "GET /assets/items/spearofshojin.png HTTP/1.1" 200 -
::1 - - [12/Sep/2026 12:40:27] "GET /assets/items/infinityedge.png HTTP/1.1" 200 -
::1 - - [12/Sep/2026 12:40:27] "GET /assets/items/redbuff.png HTTP/1.1" 200 -
::1 - - [12/Sep/2026 12:40:27] "GET /assets/items/emblembrawler.png HTTP/1.1" 200 -
::1 - - [12/Sep/2026 12:40:27] "GET /assets/champions/teemo.png HTTP/1.1" 200 -
::1 - - [12/Sep/2026 12:40:27] "GET /assets/items/bluebuff.png HTTP/1.1" 200 -
::1 - - [12/Sep/2026 12:40:27] "GET /assets/champions/veigar.png HTTP/1.1" 200 -
::1 - - [12/Sep/2026 12:40:27] "GET /assets/items/voidstaff.png HTTP/1.1" 200 -
::1 - - [12/Sep/2026 12:40:27] "GET /assets/items/nashorstooth.png HTTP/1.1" 200 -
::1 - - [12/Sep/2026 12:40:27] "GET /assets/champions/rammus.png HTTP/1.1" 200 -
::1 - - [12/Sep/2026 12:40:27] "GET /assets/champions/fiddlesticks.png HTTP/1.1" 200 -
::1 - - [12/Sep/2026 12:40:27] "GET /assets/items/emblemsprykin.png HTTP/1.1" 200 -
::1 - - [12/Sep/2026 12:40:27] "GET /assets/champions/ivern.png HTTP/1.1" 200 -
::1 - - [12/Sep/2026 12:40:27] "GET /assets/champions/leblanc.png HTTP/1.1" 200 -
::1 - - [12/Sep/2026 12:40:27] "GET /assets/champions/kha-zix.png HTTP/1.1" 200 -
::1 - - [12/Sep/2026 12:40:27] "GET /assets/items/emblemexecutioner.png HTTP/1.1" 200 -
::1 - - [12/Sep/2026 12:40:27] "GET /assets/items/handofjustice.png HTTP/1.1" 200 -
::1 - - [12/Sep/2026 12:40:27] "GET /assets/items/edgeofnight.png HTTP/1.1" 200 -
::1 - - [12/Sep/2026 12:40:27] "GET /assets/champions/hecarim.png HTTP/1.1" 200 -
::1 - - [12/Sep/2026 12:40:27] "GET /assets/champions/ezreal.png HTTP/1.1" 200 -
::1 - - [12/Sep/2026 12:40:27] "GET /assets/champions/rengar.png HTTP/1.1" 200 -
::1 - - [12/Sep/2026 12:40:27] "GET /assets/champions/soraka.png HTTP/1.1" 200 -
::1 - - [12/Sep/2026 12:40:27] "GET /assets/champions/kennen.png HTTP/1.1" 200 -
::1 - - [12/Sep/2026 12:40:27] "GET /assets/items/crownguard.png HTTP/1.1" 200 -
::1 - - [12/Sep/2026 12:40:27] "GET /assets/champions/mama-beak.png HTTP/1.1" 200 -
::1 - - [12/Sep/2026 12:40:27] "GET /assets/items/emblemlunar.png HTTP/1.1" 200 -
::1 - - [12/Sep/2026 12:40:27] "GET /assets/items/deathblade.png HTTP/1.1" 200 -
::1 - - [12/Sep/2026 12:40:27] "GET /assets/champions/brambleback.png HTTP/1.1" 200 -
::1 - - [12/Sep/2026 12:40:27] "GET /assets/champions/sentinel.png HTTP/1.1" 200 -
::1 - - [12/Sep/2026 12:40:27] "GET /assets/champions/lux.png HTTP/1.1" 200 -
::1 - - [12/Sep/2026 12:40:27] "GET /assets/champions/taric.png HTTP/1.1" 200 -
::1 - - [12/Sep/2026 12:40:27] "GET /assets/champions/yorick.png HTTP/1.1" 200 -
::1 - - [12/Sep/2026 12:40:27] "GET /assets/champions/gromp.png HTTP/1.1" 200 -
::1 - - [12/Sep/2026 12:40:27] "GET /assets/champions/nidalee.png HTTP/1.1" 200 -
::1 - - [12/Sep/2026 12:40:27] "GET /assets/items/titansresolve.png HTTP/1.1" 200 -
::1 - - [12/Sep/2026 12:40:27] "GET /assets/champions/shen.png HTTP/1.1" 200 -
::1 - - [12/Sep/2026 12:40:27] "GET /assets/items/dragonsclaw.png HTTP/1.1" 200 -
::1 - - [12/Sep/2026 12:40:27] "GET /assets/champions/cassiopeia.png HTTP/1.1" 200 -
::1 - - [12/Sep/2026 12:40:27] "GET /assets/items/emblemflorafatalisaugment.png HTTP/1.1" 200 -
::1 - - [12/Sep/2026 12:40:27] "GET /assets/champions/amumu.png HTTP/1.1" 200 -
::1 - - [12/Sep/2026 12:40:27] "GET /assets/champions/lillia.png HTTP/1.1" 200 -
::1 - - [12/Sep/2026 12:40:27] "GET /assets/champions/akali.png HTTP/1.1" 200 -
::1 - - [12/Sep/2026 12:40:27] "GET /assets/champions/varus.png HTTP/1.1" 200 -
::1 - - [12/Sep/2026 12:40:27] "GET /assets/champions/maokai.png HTTP/1.1" 200 -
::1 - - [12/Sep/2026 12:40:27] "GET /assets/champions/draven.png HTTP/1.1" 200 -
::1 - - [12/Sep/2026 12:40:27] "GET /assets/items/embleminferno.png HTTP/1.1" 200 -
::1 - - [12/Sep/2026 12:40:51] "GET /assets/traits/greenfather.png HTTP/1.1" 200 -
::1 - - [12/Sep/2026 12:40:51] "GET /assets/champions/kobuko.png HTTP/1.1" 304 -
::1 - - [12/Sep/2026 12:40:51] "GET /assets/items/gargoylestoneplate.png HTTP/1.1" 304 -
::1 - - [12/Sep/2026 12:40:51] "GET /assets/items/protectorsvow.png HTTP/1.1" 304 -
::1 - - [12/Sep/2026 12:40:51] "GET /assets/champions/tristana.png HTTP/1.1" 200 -
::1 - - [12/Sep/2026 12:40:51] "GET /assets/items/sunfirecape.png HTTP/1.1" 304 -
::1 - - [12/Sep/2026 12:40:51] "GET /assets/champions/teemo.png HTTP/1.1" 304 -
::1 - - [12/Sep/2026 12:40:51] "GET /assets/items/jeweledgauntlet.png HTTP/1.1" 304 -
::1 - - [12/Sep/2026 12:40:51] "GET /assets/items/bluebuff.png HTTP/1.1" 304 -
::1 - - [12/Sep/2026 12:40:51] "GET /assets/items/rabadonsdeathcap.png HTTP/1.1" 304 -
::1 - - [12/Sep/2026 12:40:51] "GET /assets/items/guinsoosrageblade.png HTTP/1.1" 304 -
::1 - - [12/Sep/2026 12:40:51] "GET /assets/items/infinityedge.png HTTP/1.1" 304 -
::1 - - [12/Sep/2026 12:40:51] "GET /assets/items/giantslayer.png HTTP/1.1" 304 -
::1 - - [12/Sep/2026 12:40:51] "GET /assets/champions/rammus.png HTTP/1.1" 304 -
::1 - - [12/Sep/2026 12:40:51] "GET /assets/champions/vi.png HTTP/1.1" 304 -
::1 - - [12/Sep/2026 12:40:51] "GET /assets/champions/sivir.png HTTP/1.1" 200 -
::1 - - [12/Sep/2026 12:40:51] "GET /assets/champions/lillia.png HTTP/1.1" 304 -
::1 - - [12/Sep/2026 12:40:51] "GET /assets/champions/amumu.png HTTP/1.1" 304 -
::1 - - [12/Sep/2026 12:40:51] "GET /assets/champions/ivern.png HTTP/1.1" 304 -
::1 - - [12/Sep/2026 12:41:00] "GET /compo/greenfather-tristana/ HTTP/1.1" 200 -
::1 - - [12/Sep/2026 12:41:00] "GET /assets/css/style.css?v=20260912103929 HTTP/1.1" 304 -
::1 - - [12/Sep/2026 12:41:00] "GET /assets/img/logo-sword.svg HTTP/1.1" 304 -
::1 - - [12/Sep/2026 12:41:00] "GET /assets/js/copy-comp.js?v=20260912103929 HTTP/1.1" 304 -
::1 - - [12/Sep/2026 12:41:00] "GET /assets/js/champ-icons.js?v=20260912103929 HTTP/1.1" 304 -
::1 - - [12/Sep/2026 12:41:00] "GET /assets/js/gameplan-tabs.js?v=20260912103929 HTTP/1.1" 200 -
::1 - - [12/Sep/2026 12:41:00] "GET /assets/data/champions_fr.json HTTP/1.1" 304 -
::1 - - [12/Sep/2026 12:41:00] code 404, message File not found
::1 - - [12/Sep/2026 12:41:00] "GET /favicon.ico HTTP/1.1" 404 -
::1 - - [12/Sep/2026 12:41:22] "GET / HTTP/1.1" 304 -
::1 - - [12/Sep/2026 12:41:23] "GET /assets/css/style.css?v=20260912103929 HTTP/1.1" 304 -
::1 - - [12/Sep/2026 12:41:23] "GET /assets/img/logo-sword.svg HTTP/1.1" 304 -
::1 - - [12/Sep/2026 12:41:23] "GET /assets/js/list-filters.js?v=20260912103929 HTTP/1.1" 304 -
::1 - - [12/Sep/2026 12:41:23] "GET /assets/js/rank-filter.js?v=20260912103929 HTTP/1.1" 304 -
::1 - - [12/Sep/2026 12:41:23] "GET /assets/js/copy-comp.js?v=20260912103929 HTTP/1.1" 304 -
::1 - - [12/Sep/2026 12:41:23] "GET /assets/js/champ-icons.js?v=20260912103929 HTTP/1.1" 304 -
::1 - - [12/Sep/2026 12:41:23] "GET /assets/data/rank-filter.json HTTP/1.1" 304 -
::1 - - [12/Sep/2026 12:41:23] "GET /assets/data/champions_fr.json HTTP/1.1" 304 -
::1 - - [12/Sep/2026 12:41:23] code 404, message File not found
::1 - - [12/Sep/2026 12:41:23] "GET /favicon.ico HTTP/1.1" 404 -
